     1                                  ;-----------------------------------------------------------------------------
     2                                  ;
     3                                  ; Função delay
     4                                  ; velocidade CALL delay;
     5                                  ;
     6                                  global delay
     7                                  
     8                                  extern plot_xy, line, velocidade
     9                                  	
    10                                  delay: ; Esteja atento pois talvez seja importante salvar contexto (no caso, CX, o que NÃO foi feito aqui).
    11 00000000 8B0E[0000]              	mov cx, word [velocidade] ; Carrega “velocidade” em cx (contador para loop)
    12                                  del2:
    13 00000004 51                      	push cx ; Coloca cx na pilha para usa-lo em outro loop
    14 00000005 B90008                  	mov cx, 0800h ; Teste modificando este valor
    15                                  del1:
    16 00000008 E2FE                    	loop del1 ; No loop del1, cx é decrementado até que volte a ser zero
    17 0000000A 59                      	pop cx ; Recupera cx da pilha
    18 0000000B E2F7                    	loop del2 ; No loop del2, cx é decrementado até que seja zero
    19 0000000D C3                      	ret
